0 verbose cli /usr/bin/node /usr/lib/node_modules/npm/bin/npm-cli.js
1 info using npm@10.9.8
2 info using node@v22.23.2
3 silly config load:file:/usr/lib/node_modules/npm/npmrc
4 silly config load:file:/opt/kbo-analyzer/.npmrc
5 silly config load:file:/opt/kbo-analyzer/~/.npmrc
6 silly config load:file:/usr/etc/npmrc
7 verbose title npm exec tsc --noEmit
8 verbose argv "exec" "--" "tsc" "--noEmit"
9 verbose logfile logs-max:10 dir:/opt/kbo-analyzer/~/.npm/_logs/2026-09-17T16_12_10_028Z-
10 verbose logfile /opt/kbo-analyzer/~/.npm/_logs/2026-09-17T16_12_10_028Z-debug-0.log
11 silly logfile done cleaning log files
12 http fetch GET 200 https://registry.npmjs.org/npm 141ms
13 verbose cwd /opt/kbo-analyzer
14 verbose os Linux 7.0.0-1012-aws
15 verbose node v22.23.2
16 verbose npm  v10.9.8
17 notice
17 notice New [31mmajor[39m version of npm available! [31m10.9.8[39m -> [34m12.0.2[39m
17 notice Changelog: [34mhttps://github.com/npm/cli/releases/tag/v12.0.2[39m
17 notice To update run: [4mnpm install -g npm@12.0.2[24m
17 notice  { force: true, [Symbol(proc-log.meta)]: true }
18 verbose exit 0
19 info ok
